// Jest Snapshot v1, https://goo.gl/fbAQLP

exports[`renders app Snapshot 1`] = `
.emotion-11 {
  display: -webkit-box;
  display: -webkit-flex;
  display: -ms-flexbox;
  display: flex;
  -webkit-box-pack: center;
  -webkit-justify-content: center;
  -ms-flex-pack: center;
  justify-content: center;
  -webkit-align-items: center;
  -webkit-box-align: center;
  -ms-flex-align: center;
  align-items: center;
  background-color: #FFF;
  padding: 20px;
}

.emotion-10 {
  max-width: 500px;
  width: 100%;
}

.emotion-8 {
  position: relative;
  box-sizing: border-box;
}

.emotion-7 {
  -webkit-align-items: center;
  -webkit-box-align: center;
  -ms-flex-align: center;
  align-items: center;
  background-color: hsl(0,0%,100%);
  border-color: hsl(0,0%,80%);
  border-radius: 4px;
  border-style: solid;
  border-width: 1px;
  cursor: default;
  display: -webkit-box;
  display: -webkit-flex;
  display: -ms-flexbox;
  display: flex;
  -webkit-flex-wrap: wrap;
  -ms-flex-wrap: wrap;
  flex-wrap: wrap;
  -webkit-box-pack: justify;
  -webkit-justify-content: space-between;
  -ms-flex-pack: justify;
  justify-content: space-between;
  min-height: 38px;
  outline: 0 !important;
  position: relative;
  -webkit-transition: all 100ms;
  transition: all 100ms;
  box-sizing: border-box;
}

.emotion-7:hover {
  border-color: hsl(0,0%,70%);
}

.emotion-2 {
  -webkit-align-items: center;
  -webkit-box-align: center;
  -ms-flex-align: center;
  align-items: center;
  display: -webkit-box;
  display: -webkit-flex;
  display: -ms-flexbox;
  display: flex;
  -webkit-flex: 1;
  -ms-flex: 1;
  flex: 1;
  -webkit-flex-wrap: wrap;
  -ms-flex-wrap: wrap;
  flex-wrap: wrap;
  padding: 2px 8px;
  -webkit-overflow-scrolling: touch;
  position: relative;
  overflow: hidden;
  box-sizing: border-box;
}

.emotion-0 {
  color: hsl(0,0%,50%);
  margin-left: 2px;
  margin-right: 2px;
  position: absolute;
  top: 50%;
  -webkit-transform: translateY(-50%);
  -ms-transform: translateY(-50%);
  transform: translateY(-50%);
  box-sizing: border-box;
}

.emotion-1 {
  margin: 2px;
  padding-bottom: 2px;
  padding-top: 2px;
  visibility: visible;
  color: hsl(0,0%,20%);
  box-sizing: border-box;
}

.emotion-6 {
  -webkit-align-items: center;
  -webkit-box-align: center;
  -ms-flex-align: center;
  align-items: center;
  -webkit-align-self: stretch;
  -ms-flex-item-align: stretch;
  align-self: stretch;
  display: -webkit-box;
  display: -webkit-flex;
  display: -ms-flexbox;
  display: flex;
  -webkit-flex-shrink: 0;
  -ms-flex-negative: 0;
  flex-shrink: 0;
  box-sizing: border-box;
}

.emotion-3 {
  -webkit-align-self: stretch;
  -ms-flex-item-align: stretch;
  align-self: stretch;
  background-color: hsl(0,0%,80%);
  margin-bottom: 8px;
  margin-top: 8px;
  width: 1px;
  box-sizing: border-box;
}

.emotion-5 {
  color: hsl(0,0%,80%);
  display: -webkit-box;
  display: -webkit-flex;
  display: -ms-flexbox;
  display: flex;
  padding: 8px;
  -webkit-transition: color 150ms;
  transition: color 150ms;
  box-sizing: border-box;
}

.emotion-5:hover {
  color: hsl(0,0%,60%);
}

.emotion-4 {
  display: inline-block;
  fill: currentColor;
  line-height: 1;
  stroke: currentColor;
  stroke-width: 0;
}

.emotion-9 {
  margin: 20px auto;
  padding: 15px 20px;
  cursor: pointer;
  font-weight: 700;
  color: #FFF;
  background-color: #443df1;
  border-radius: 5px;
}

.emotion-9:hover {
  background-color: #3630c0;
}

.emotion-9:disabled {
  background-color: #3630c0;
  cursor: default;
}

<main
  className="emotion-11"
>
  <form
    className="emotion-10"
    onSubmit={[Function]}
  >
    <div>
      <label>
        Country
      </label>
      <div>
        <div
          className=" emotion-8"
          onKeyDown={[Function]}
        >
          <div
            className=" emotion-7"
            onMouseDown={[Function]}
            onTouchEnd={[Function]}
          >
            <div
              className=" emotion-2"
            >
              <div
                className=" emotion-0"
              >
                Select your country
              </div>
              <div
                className="emotion-1"
              >
                <div
                  className=""
                  style={
                    Object {
                      "display": "inline-block",
                    }
                  }
                >
                  <input
                    aria-autocomplete="list"
                    autoCapitalize="none"
                    autoComplete="off"
                    autoCorrect="off"
                    disabled={false}
                    id="react-select-2-input"
                    onBlur={[Function]}
                    onChange={[Function]}
                    onFocus={[Function]}
                    spellCheck="false"
                    style={
                      Object {
                        "background": 0,
                        "border": 0,
                        "boxSizing": "content-box",
                        "color": "inherit",
                        "fontSize": "inherit",
                        "label": "input",
                        "opacity": 1,
                        "outline": 0,
                        "padding": 0,
                        "width": "1px",
                      }
                    }
                    tabIndex="0"
                    type="text"
                    value=""
                  />
                  <div
                    style={
                      Object {
                        "height": 0,
                        "left": 0,
                        "overflow": "scroll",
                        "position": "absolute",
                        "top": 0,
                        "visibility": "hidden",
                        "whiteSpace": "pre",
                      }
                    }
                  >
                    
                  </div>
                </div>
              </div>
            </div>
            <div
              className=" emotion-6"
            >
              <span
                className=" emotion-3"
              />
              <div
                aria-hidden="true"
                className=" emotion-5"
                onMouseDown={[Function]}
                onTouchEnd={[Function]}
              >
                <svg
                  aria-hidden="true"
                  className="emotion-4"
                  focusable="false"
                  height={20}
                  viewBox="0 0 20 20"
                  width={20}
                >
                  <path
                    d="M4.516 7.548c0.436-0.446 1.043-0.481 1.576 0l3.908 3.747 3.908-3.747c0.533-0.481 1.141-0.446 1.574 0 0.436 0.445 0.408 1.197 0 1.615-0.406 0.418-4.695 4.502-4.695 4.502-0.217 0.223-0.502 0.335-0.787 0.335s-0.57-0.112-0.789-0.335c0 0-4.287-4.084-4.695-4.502s-0.436-1.17 0-1.615z"
                  />
                </svg>
              </div>
            </div>
          </div>
        </div>
      </div>
    </div>
    <button
      className="emotion-9"
      type="submit"
    >
      Submit
    </button>
  </form>
</main>
`;
